I'm sorry, but errors were detected in your script. Please correct the
errors listed below, and try again.


File "game/z_Class_Poker.rpy", line 923: expected statement.
    creen SC_CONTINUE_CHOICE():
                            ^

Ren'Py Version: Ren'Py 8.3.4.24120703
Sun Jun 22 23:09:21 2025
